// Jest Snapshot v1, https://goo.gl/fbAQLP

exports[`counter.vue should render correctly 1`] = `
"<div class=\\"flex flex-col items-center justify-center h-full space-y-4 text-xl\\">
  <p>Here's a counter:</p>
  <div class=\\"flex items-center justify-center\\"></div>
</div>"
`;
